ubuntu@ip-172-31-28-177:~$ sudo add-apt-repository ppa:certbot/certbot
 The PPA has been DEPRECATED.

To get up to date instructions on how to get certbot for your systems, please see https://certbot.eff.org/docs/install.html.
 More info: https://launchpad.net/~certbot/+archive/ubuntu/certbot
Press [ENTER] to continue or Ctrl-c to cancel adding it.

Hit:1 http://us-west-1.ec2.archive.ubuntu.com/ubuntu focal InRelease
Get:2 http://us-west-1.ec2.archive.ubuntu.com/ubuntu focal-updates InRelease [114 kB]
Get:3 http://us-west-1.ec2.archive.ubuntu.com/ubuntu focal-backports InRelease [101 kB]
Ign:4 http://ppa.launchpad.net/certbot/certbot/ubuntu focal InRelease
Get:5 http://security.ubuntu.com/ubuntu focal-security InRelease [109 kB]
Err:6 http://ppa.launchpad.net/certbot/certbot/ubuntu focal Release
  404  Not Found [IP: 91.189.95.85 80]
Reading package lists... Done
E: The repository 'http://ppa.launchpad.net/certbot/certbot/ubuntu focal Release' does not have a Release file.
N: Updating from such a repository can't be done securely, and is therefore disabled by default.
N: See apt-secure(8) manpage for repository creation and user configuration details.
ubuntu@ip-172-31-28-177:~$ sudo apt install python-certbot-nginx
Reading package lists... Done
Building dependency tree
Reading state information... Done
Package python-certbot-nginx is not available, but is referred to by another package.
This may mean that the package is missing, has been obsoleted, or
is only available from another source
However the following packages replace it:
  python3-certbot-nginx

E: Package 'python-certbot-nginx' has no installation candidate
ubuntu@ip-172-31-28-177:~$ sudo apt install python3-certbot-nginx
Reading package lists... Done
Building dependency tree
Reading state information... Done
The following packages were automatically installed and are no longer required:
  linux-aws-headers-5.4.0-1043 linux-headers-5.4.0-1043-aws
  linux-image-5.4.0-1043-aws linux-modules-5.4.0-1043-aws
Use 'sudo apt autoremove' to remove them.
The following additional packages will be installed:
  certbot python3-acme python3-certbot python3-configargparse python3-future
  python3-icu python3-josepy python3-mock python3-parsedatetime python3-pbr
  python3-pyparsing python3-requests-toolbelt python3-rfc3339 python3-tz
  python3-zope.component python3-zope.event python3-zope.hookable
Suggested packages:
  python3-certbot-apache python-certbot-doc python-acme-doc
  python-certbot-nginx-doc python-future-doc python-mock-doc
  python-pyparsing-doc
The following NEW packages will be installed:
  certbot python3-acme python3-certbot python3-certbot-nginx
  python3-configargparse python3-future python3-icu python3-josepy
  python3-mock python3-parsedatetime python3-pbr python3-pyparsing
  python3-requests-toolbelt python3-rfc3339 python3-tz python3-zope.component
  python3-zope.event python3-zope.hookable
0 upgraded, 18 newly installed, 0 to remove and 37 not upgraded.
Need to get 1264 kB of archives.
After this operation, 6657 kB of additional disk space will be used.
Do you want to continue? [Y/n] Y
Get:1 http://us-west-1.ec2.archive.ubuntu.com/ubuntu focal/universe amd64 python3-josepy all 1.2.0-2 [28.1 kB]
Get:2 http://us-west-1.ec2.archive.ubuntu.com/ubuntu focal/main amd64 python3-pbr all 5.4.5-0ubuntu1 [64.0 kB]
Get:3 http://us-west-1.ec2.archive.ubuntu.com/ubuntu focal/universe amd64 python3-mock all 3.0.5-1build1 [25.6 kB]
Get:4 http://us-west-1.ec2.archive.ubuntu.com/ubuntu focal/universe amd64 python3-requests-toolbelt all 0.8.0-1.1 [35.2 kB]
Get:5 http://us-west-1.ec2.archive.ubuntu.com/ubuntu focal/main amd64 python3-tz all 2019.3-1 [24.4 kB]
Get:6 http://us-west-1.ec2.archive.ubuntu.com/ubuntu focal/main amd64 python3-rfc3339 all 1.1-2 [6808 B]
Get:7 http://us-west-1.ec2.archive.ubuntu.com/ubuntu focal/universe amd64 python3-acme all 1.1.0-1 [29.6 kB]
Get:8 http://us-west-1.ec2.archive.ubuntu.com/ubuntu focal/universe amd64 python3-configargparse all 0.13.0-2 [22.6 kB]
Get:9 http://us-west-1.ec2.archive.ubuntu.com/ubuntu focal/main amd64 python3-future all 0.18.2-2 [336 kB]
Get:10 http://us-west-1.ec2.archive.ubuntu.com/ubuntu focal/universe amd64 python3-parsedatetime all 2.4-5 [32.6 kB]
Get:11 http://us-west-1.ec2.archive.ubuntu.com/ubuntu focal/universe amd64 python3-zope.hookable amd64 5.0.0-1build1 [11.2 kB]
Get:12 http://us-west-1.ec2.archive.ubuntu.com/ubuntu focal/universe amd64 python3-zope.event all 4.4-2build1 [7704 B]
Get:13 http://us-west-1.ec2.archive.ubuntu.com/ubuntu focal/universe amd64 python3-zope.component all 4.3.0-3 [38.3 kB]
Get:14 http://us-west-1.ec2.archive.ubuntu.com/ubuntu focal-updates/universe amd64 python3-certbot all 0.40.0-1ubuntu0.1 [223 kB]
Get:15 http://us-west-1.ec2.archive.ubuntu.com/ubuntu focal-updates/universe amd64 certbot all 0.40.0-1ubuntu0.1 [17.9 kB]
Get:16 http://us-west-1.ec2.archive.ubuntu.com/ubuntu focal/main amd64 python3-pyparsing all 2.4.6-1 [61.3 kB]
Get:17 http://us-west-1.ec2.archive.ubuntu.com/ubuntu focal-updates/universe amd64 python3-certbot-nginx all 0.40.0-0ubuntu0.1 [50.8 kB]
Get:18 http://us-west-1.ec2.archive.ubuntu.com/ubuntu focal/main amd64 python3-icu amd64 2.4.2-0ubuntu3 [250 kB]
Fetched 1264 kB in 0s (4917 kB/s)
Selecting previously unselected package python3-josepy.
(Reading database ... 175955 files and directories currently installed.)
Preparing to unpack .../00-python3-josepy_1.2.0-2_all.deb ...
Unpacking python3-josepy (1.2.0-2) ...
Selecting previously unselected package python3-pbr.
Preparing to unpack .../01-python3-pbr_5.4.5-0ubuntu1_all.deb ...
Unpacking python3-pbr (5.4.5-0ubuntu1) ...
Selecting previously unselected package python3-mock.
Preparing to unpack .../02-python3-mock_3.0.5-1build1_all.deb ...
Unpacking python3-mock (3.0.5-1build1) ...
Selecting previously unselected package python3-requests-toolbelt.
Preparing to unpack .../03-python3-requests-toolbelt_0.8.0-1.1_all.deb ...
Unpacking python3-requests-toolbelt (0.8.0-1.1) ...
Selecting previously unselected package python3-tz.
Preparing to unpack .../04-python3-tz_2019.3-1_all.deb ...
Unpacking python3-tz (2019.3-1) ...
Selecting previously unselected package python3-rfc3339.
Preparing to unpack .../05-python3-rfc3339_1.1-2_all.deb ...
Unpacking python3-rfc3339 (1.1-2) ...
Selecting previously unselected package python3-acme.
Preparing to unpack .../06-python3-acme_1.1.0-1_all.deb ...
Unpacking python3-acme (1.1.0-1) ...
Selecting previously unselected package python3-configargparse.
Preparing to unpack .../07-python3-configargparse_0.13.0-2_all.deb ...
Unpacking python3-configargparse (0.13.0-2) ...
Selecting previously unselected package python3-future.
Preparing to unpack .../08-python3-future_0.18.2-2_all.deb ...
Unpacking python3-future (0.18.2-2) ...
Selecting previously unselected package python3-parsedatetime.
Preparing to unpack .../09-python3-parsedatetime_2.4-5_all.deb ...
Unpacking python3-parsedatetime (2.4-5) ...
Selecting previously unselected package python3-zope.hookable.
Preparing to unpack .../10-python3-zope.hookable_5.0.0-1build1_amd64.deb ...
Unpacking python3-zope.hookable (5.0.0-1build1) ...
Selecting previously unselected package python3-zope.event.
Preparing to unpack .../11-python3-zope.event_4.4-2build1_all.deb ...
Unpacking python3-zope.event (4.4-2build1) ...
Selecting previously unselected package python3-zope.component.
Preparing to unpack .../12-python3-zope.component_4.3.0-3_all.deb ...
Unpacking python3-zope.component (4.3.0-3) ...
Selecting previously unselected package python3-certbot.
Preparing to unpack .../13-python3-certbot_0.40.0-1ubuntu0.1_all.deb ...
Unpacking python3-certbot (0.40.0-1ubuntu0.1) ...
Selecting previously unselected package certbot.
Preparing to unpack .../14-certbot_0.40.0-1ubuntu0.1_all.deb ...
Unpacking certbot (0.40.0-1ubuntu0.1) ...
Selecting previously unselected package python3-pyparsing.
Preparing to unpack .../15-python3-pyparsing_2.4.6-1_all.deb ...
Unpacking python3-pyparsing (2.4.6-1) ...
Selecting previously unselected package python3-certbot-nginx.
Preparing to unpack .../16-python3-certbot-nginx_0.40.0-0ubuntu0.1_all.deb ...
Unpacking python3-certbot-nginx (0.40.0-0ubuntu0.1) ...
Selecting previously unselected package python3-icu.
Preparing to unpack .../17-python3-icu_2.4.2-0ubuntu3_amd64.deb ...
Unpacking python3-icu (2.4.2-0ubuntu3) ...
Setting up python3-configargparse (0.13.0-2) ...
Setting up python3-requests-toolbelt (0.8.0-1.1) ...
Setting up python3-icu (2.4.2-0ubuntu3) ...
Setting up python3-zope.event (4.4-2build1) ...
Setting up python3-pbr (5.4.5-0ubuntu1) ...
update-alternatives: using /usr/bin/python3-pbr to provide /usr/bin/pbr (pbr) in auto mode
Setting up python3-tz (2019.3-1) ...
Setting up python3-mock (3.0.5-1build1) ...
Setting up python3-zope.hookable (5.0.0-1build1) ...
Setting up python3-pyparsing (2.4.6-1) ...
Setting up python3-josepy (1.2.0-2) ...
Setting up python3-future (0.18.2-2) ...
update-alternatives: using /usr/bin/python3-futurize to provide /usr/bin/futurize (futurize) in auto mode
update-alternatives: using /usr/bin/python3-pasteurize to provide /usr/bin/pasteurize (pasteurize) in auto mode
Setting up python3-rfc3339 (1.1-2) ...
Setting up python3-parsedatetime (2.4-5) ...
Setting up python3-zope.component (4.3.0-3) ...
Setting up python3-acme (1.1.0-1) ...
Setting up python3-certbot (0.40.0-1ubuntu0.1) ...
Setting up certbot (0.40.0-1ubuntu0.1) ...
Created symlink /etc/systemd/system/timers.target.wants/certbot.timer â†’ /lib/systemd/system/certbot.timer.
Setting up python3-certbot-nginx (0.40.0-0ubuntu0.1) ...
Processing triggers for man-db (2.9.1-1) ...
ubuntu@ip-172-31-28-177:~$ sudo systemctl nginx reload
Unknown operation nginx.
ubuntu@ip-172-31-28-177:~$ sudo systemctl reload nginx
ubuntu@ip-172-31-28-177:~$ sudo ufw status
Status: active

To                         Action      From
--                         ------      ----
Nginx HTTP                 ALLOW       Anywhere
22/tcp                     ALLOW       Anywhere
Nginx HTTP (v6)            ALLOW       Anywhere (v6)
22/tcp (v6)                ALLOW       Anywhere (v6)

ubuntu@ip-172-31-28-177:~$ sudo ufw allow 'Nginx Full'
Rule added
Rule added (v6)
ubuntu@ip-172-31-28-177:~$ sudo ufw delete allow 'Nginx HTTP'
Rule deleted
Rule deleted (v6)
ubuntu@ip-172-31-28-177:~$ sudo ufw status
Status: active

To                         Action      From
--                         ------      ----
22/tcp                     ALLOW       Anywhere
Nginx Full                 ALLOW       Anywhere
22/tcp (v6)                ALLOW       Anywhere (v6)
Nginx Full (v6)            ALLOW       Anywhere (v6)

ubuntu@ip-172-31-28-177:~$ cd /var/www/
ubuntu@ip-172-31-28-177:/var/www$ ls
html  mekpark  mekparkapi
ubuntu@ip-172-31-28-177:/var/www$ cd mekpark
ubuntu@ip-172-31-28-177:/var/www/mekpark$ ls
asset  career.html  index.html  service.html
ubuntu@ip-172-31-28-177:/var/www/mekpark$ cd /etc/nginx/
ubuntu@ip-172-31-28-177:/etc/nginx$ cd sites-available/
ubuntu@ip-172-31-28-177:/etc/nginx/sites-available$ ls
default  mekpark  mekpark2
ubuntu@ip-172-31-28-177:/etc/nginx/sites-available$ vim mekpark2
ubuntu@ip-172-31-28-177:/etc/nginx/sites-available$ cd
ubuntu@ip-172-31-28-177:~$ sudo certbot --nginx -d www.mekpark.com
Saving debug log to /var/log/letsencrypt/letsencrypt.log
Plugins selected: Authenticator nginx, Installer nginx
Enter email address (used for urgent renewal and security notices) (Enter 'c' to
cancel): mekparkapp@gmail.com

- - - - - - - - - - - - - - - - - - - - - - - - - - - - - - - - - - - - - - - -
Please read the Terms of Service at
https://letsencrypt.org/documents/LE-SA-v1.2-November-15-2017.pdf. You must
agree in order to register with the ACME server at
https://acme-v02.api.letsencrypt.org/directory
- - - - - - - - - - - - - - - - - - - - - - - - - - - - - - - - - - - - - - - -
(A)gree/(C)ancel: A

- - - - - - - - - - - - - - - - - - - - - - - - - - - - - - - - - - - - - - - -
Would you be willing to share your email address with the Electronic Frontier
Foundation, a founding partner of the Let's Encrypt project and the non-profit
organization that develops Certbot? We'd like to send you email about our work
encrypting the web, EFF news, campaigns, and ways to support digital freedom.
- - - - - - - - - - - - - - - - - - - - - - - - - - - - - - - - - - - - - - - -
(Y)es/(N)o: N
Obtaining a new certificate
Performing the following challenges:
http-01 challenge for www.mekpark.com
Waiting for verification...
Cleaning up challenges
Deploying Certificate to VirtualHost /etc/nginx/sites-enabled/mekpark2

Please choose whether or not to redirect HTTP traffic to HTTPS, removing HTTP access.
- - - - - - - - - - - - - - - - - - - - - - - - - - - - - - - - - - - - - - - -
1: No redirect - Make no further changes to the webserver configuration.
2: Redirect - Make all requests redirect to secure HTTPS access. Choose this for
new sites, or if you're confident your site works on HTTPS. You can undo this
change by editing your web server's configuration.
- - - - - - - - - - - - - - - - - - - - - - - - - - - - - - - - - - - - - - - -
Select the appropriate number [1-2] then [enter] (press 'c' to cancel): 2
Redirecting all traffic on port 80 to ssl in /etc/nginx/sites-enabled/mekpark2

- - - - - - - - - - - - - - - - - - - - - - - - - - - - - - - - - - - - - - - -
Congratulations! You have successfully enabled https://www.mekpark.com

You should test your configuration at:
https://www.ssllabs.com/ssltest/analyze.html?d=www.mekpark.com
- - - - - - - - - - - - - - - - - - - - - - - - - - - - - - - - - - - - - - - -

IMPORTANT NOTES:
 - Congratulations! Your certificate and chain have been saved at:
   /etc/letsencrypt/live/www.mekpark.com/fullchain.pem
   Your key file has been saved at:
   /etc/letsencrypt/live/www.mekpark.com/privkey.pem
   Your cert will expire on 2021-08-03. To obtain a new or tweaked
   version of this certificate in the future, simply run certbot again
   with the "certonly" option. To non-interactively renew *all* of
   your certificates, run "certbot renew"
 - Your account credentials have been saved in your Certbot
   configuration directory at /etc/letsencrypt. You should make a
   secure backup of this folder now. This configuration directory will
   also contain certificates and private keys obtained by Certbot so
   making regular backups of this folder is ideal.
 - If you like Certbot, please consider supporting our work by:

   Donating to ISRG / Let's Encrypt:   https://letsencrypt.org/donate
   Donating to EFF:                    https://eff.org/donate-le

ubuntu@ip-172-31-28-177:~$ sudo certbot renew --dry-run
Saving debug log to /var/log/letsencrypt/letsencrypt.log

- - - - - - - - - - - - - - - - - - - - - - - - - - - - - - - - - - - - - - - -
Processing /etc/letsencrypt/renewal/www.mekpark.com.conf
- - - - - - - - - - - - - - - - - - - - - - - - - - - - - - - - - - - - - - - -
Cert not due for renewal, but simulating renewal for dry run
Plugins selected: Authenticator nginx, Installer nginx
Renewing an existing certificate
Performing the following challenges:
http-01 challenge for www.mekpark.com
Waiting for verification...
Cleaning up challenges

- - - - - - - - - - - - - - - - - - - - - - - - - - - - - - - - - - - - - - - -
new certificate deployed with reload of nginx server; fullchain is
/etc/letsencrypt/live/www.mekpark.com/fullchain.pem
server {
        root /var/www/mekpark;
        index index.html index.htm index.nginx-debian.html;
        server_name www.mekpark.com;

        location / {
                try_files $uri $uri/ =404;
        }

        location ~ \.php$ {
                include snippets/fastcgi-php.conf;
                fastcgi_pass unix:/var/run/php/php7.4-fpm.sock;
        }

        location ~ /\.ht {
                deny all;
}

    listen 443 ssl; # managed by Certbot
    ssl_certificate /etc/letsencrypt/live/www.mekpark.com/fullchain.pem; # managed by Certbot
    ssl_certificate_key /etc/letsencrypt/live/www.mekpark.com/privkey.pem; # managed by Certbot
                                                              9,0-1         Top
